../Core/Src/main.c:100:5:usb_printf	272	static
../Core/Src/main.c:115:6:HAL_TIM_PeriodElapsedCallback	16	static
../Core/Src/main.c:121:6:blinkLed	32	static
../Core/Src/main.c:134:6:setLEDOnTIM8	16	static
../Core/Src/main.c:143:6:setRGBLEDOnTIM8	24	static
../Core/Src/main.c:154:6:LEDSetColor	32	static
../Core/Src/main.c:165:6:wheel	16	static
../Core/Src/main.c:177:6:blinkPWM	32	static
../Core/Src/main.c:186:6:LEDSetup	8	static
../Core/Src/main.c:198:9:readCanAddress	16	static
../Core/Src/main.c:214:6:CANSetup	32	static
../Core/Src/main.c:225:6:sensorRead	80	static
../Core/Src/main.c:274:6:sensorSetup	8	static
../Core/Src/main.c:286:5:main	8	static
../Core/Src/main.c:343:6:SystemClock_Config	88	static
../Core/Src/main.c:389:13:MX_ADC1_Init	24	static
../Core/Src/main.c:441:13:MX_CAN1_Init	8	static
../Core/Src/main.c:478:13:MX_I2C1_Init	8	static
../Core/Src/main.c:512:13:MX_I2C2_Init	8	static
../Core/Src/main.c:546:13:MX_SPI1_Init	8	static
../Core/Src/main.c:584:13:MX_TIM8_Init	80	static
../Core/Src/main.c:661:13:MX_UART4_Init	8	static
../Core/Src/main.c:694:13:MX_GPIO_Init	48	static
../Core/Src/main.c:777:6:Error_Handler	4	static,ignoring_inline_asm
